# THE RECEIPT IS A PURE FUNCTION OF THE COMMIT — regenerated 2026-10-02T03:33:30Z
#
# SuperInstance/quilt-adjudication, .quilt/bin/quilt-receipt, cold clone.
# The claim: a receipt can be DELETED and regenerated byte-identically from
# the commit object alone. If true, a lost receipt is a recomputable
# condition, not a lost one — which is what lets the lattice treat the
# witness log as repairable instead of merely append-only.
  commit 4719a8a
  receipt as written:
    {
      "commit": "4719a8a5ef5dac508bb5e05eceeb13c162e41b60",
      "parents": 0,
      "merge": false,
      "changed_cells": ["a"],
      "key_dials": {
        "a": {"obstruction": 1, "freeze": 0.8}
      },
      "ts": 1790912012
    }
  DELETED .quilt/receipts/4719a8a.json  ->  dir now: []
  REGENERATED from the commit alone.
  RESULT: BYTE-IDENTICAL. The receipt is a pure function of the commit.
